2026-08-02 21:19:43,047 - multiply - INFO - multiply ok
